
> vite_react_shadcn_ts@0.0.0 build
> vite build

[36mvite v5.4.21 [32mbuilding for production...[36m[39m
transforming...
node.exe : 
At line:1 char:1
+ & "C:\Program Files\nodejs/node.exe" "C:\Program Files\nodejs/node_mo ...
+ ~~~~~~~~~~~~~~~~~~~~~~~~~~~~~~~~~~~~~~~~~~~~~~~~~~~~~~~~~~~~~~~~~~~~~
    + CategoryInfo          : NotSpecified: (:String) [], RemoteException
    + FullyQualifiedErrorId : NativeCommandError
 
[1m[33mwarn[39m[22m - The class `duration-[3000ms]` is ambiguous and 
matches multiple utilities.
[1m[33mwarn[39m[22m - If this is content and not a class, replace it with 
`duration-&lsqb;3000ms&rsqb;` to silence this warning.
[32mΓ£ô[39m 3776 modules transformed.
rendering chunks...
computing gzip size...
[2mdist/[22m[32mindex.html                                [39m[1m[2m  1.99 kB[22m[1m[22m[2m Γöé gzip:   0.83 kB[22m
[2mdist/[22m[35massets/MarketPage-vL0Q9Dr-.css            [39m[1m[2m  4.69 kB[22m[1m[22m[2m Γöé gzip:   1.13 kB[22m
[2mdist/[22m[35massets/index-B74VVv2H.css                 [39m[1m[2m155.40 kB[22m[1m[22m[2m Γöé gzip:  22.54 kB[22m
[2mdist/[22m[36massets/constants-CdDPHKYn.js              [39m[1m[2m  0.13 kB[22m[1m[22m[2m Γöé gzip:   0.13 kB[22m
[2mdist/[22m[36massets/categories-PEHZjG5F.js             [39m[1m[2m  0.19 kB[22m[1m[22m[2m Γöé gzip:   0.17 kB[22m
[2mdist/[22m[36massets/check-Dr5ZTTr6.js                  [39m[1m[2m  0.29 kB[22m[1m[22m[2m Γöé gzip:   0.24 kB[22m
[2mdist/[22m[36massets/chevron-up-CnW3d1tw.js             [39m[1m[2m  0.30 kB[22m[1m[22m[2m Γöé gzip:   0.25 kB[22m
[2mdist/[22m[36massets/chevron-left-DZCbJwIQ.js           [39m[1m[2m  0.30 kB[22m[1m[22m[2m Γöé gzip:   0.25 kB[22m
[2mdist/[22m[36massets/chevron-right-BYh5Q8Yk.js          [39m[1m[2m  0.30 kB[22m[1m[22m[2m Γöé gzip:   0.25 kB[22m
[2mdist/[22m[36massets/filter-BqhEU3Wr.js                 [39m[1m[2m  0.33 kB[22m[1m[22m[2m Γöé gzip:   0.26 kB[22m
[2mdist/[22m[36massets/arrow-left-BKwXSOmV.js             [39m[1m[2m  0.33 kB[22m[1m[22m[2m Γöé gzip:   0.27 kB[22m
[2mdist/[22m[36massets/clock-Cb9_ZSM4.js                  [39m[1m[2m  0.35 kB[22m[1m[22m[2m Γöé gzip:   0.27 kB[22m
[2mdist/[22m[36massets/circle-check-big-CL1aMvCS.js       [39m[1m[2m  0.36 kB[22m[1m[22m[2m Γöé gzip:   0.28 kB[22m
[2mdist/[22m[36massets/info-BRkBxrLN.js                   [39m[1m[2m  0.37 kB[22m[1m[22m[2m Γöé gzip:   0.28 kB[22m
[2mdist/[22m[36massets/circle-x-BiUjAmbC.js               [39m[1m[2m  0.37 kB[22m[1m[22m[2m Γöé gzip:   0.28 kB[22m
[2mdist/[22m[36massets/mail-NaEpBu3k.js                   [39m[1m[2m  0.38 kB[22m[1m[22m[2m Γöé gzip:   0.30 kB[22m
[2mdist/[22m[36massets/pen-DGZ4UxHc.js                    [39m[1m[2m  0.40 kB[22m[1m[22m[2m Γöé gzip:   0.31 kB[22m
[2mdist/[22m[36massets/heart-l5hsGx2Q.js                  [39m[1m[2m  0.41 kB[22m[1m[22m[2m Γöé gzip:   0.31 kB[22m
[2mdist/[22m[36massets/globe-CimWEWx8.js                  [39m[1m[2m  0.41 kB[22m[1m[22m[2m Γöé gzip:   0.29 kB[22m
[2mdist/[22m[36massets/database-D4iQrczC.js               [39m[1m[2m  0.41 kB[22m[1m[22m[2m Γöé gzip:   0.31 kB[22m
[2mdist/[22m[36massets/eye-DzHzX6O0.js                    [39m[1m[2m  0.42 kB[22m[1m[22m[2m Γöé gzip:   0.30 kB[22m
[2mdist/[22m[36massets/shield-Cw38OyGc.js                 [39m[1m[2m  0.44 kB[22m[1m[22m[2m Γöé gzip:   0.33 kB[22m
[2mdist/[22m[36massets/award-C0ZlXyTm.js                  [39m[1m[2m  0.44 kB[22m[1m[22m[2m Γöé gzip:   0.33 kB[22m
[2mdist/[22m[36massets/hash-SWXS6hmZ.js                   [39m[1m[2m  0.47 kB[22m[1m[22m[2m Γöé gzip:   0.30 kB[22m
[2mdist/[22m[36massets/user-plus-D1gVDvhg.js              [39m[1m[2m  0.48 kB[22m[1m[22m[2m Γöé gzip:   0.33 kB[22m
[2mdist/[22m[36massets/badge-check-P9osZ8DI.js            [39m[1m[2m  0.48 kB[22m[1m[22m[2m Γöé gzip:   0.32 kB[22m
[2mdist/[22m[36massets/shield-check-BVXC9fLh.js           [39m[1m[2m  0.49 kB[22m[1m[22m[2m Γöé gzip:   0.35 kB[22m
[2mdist/[22m[36massets/refresh-cw-rTYkNJV8.js             [39m[1m[2m  0.49 kB[22m[1m[22m[2m Γöé gzip:   0.33 kB[22m
[2mdist/[22m[36massets/tag-Bw5TYNPD.js                    [39m[1m[2m  0.50 kB[22m[1m[22m[2m Γöé gzip:   0.35 kB[22m
[2mdist/[22m[36massets/save-CXII8vpj.js                   [39m[1m[2m  0.50 kB[22m[1m[22m[2m Γöé gzip:   0.33 kB[22m
[2mdist/[22m[36massets/shield-alert-C38E78n6.js           [39m[1m[2m  0.52 kB[22m[1m[22m[2m Γöé gzip:   0.36 kB[22m
[2mdist/[22m[36massets/trash-2-CPNMoCZj.js                [39m[1m[2m  0.53 kB[22m[1m[22m[2m Γöé gzip:   0.35 kB[22m
[2mdist/[22m[36massets/phone-DxAdcprF.js                  [39m[1m[2m  0.56 kB[22m[1m[22m[2m Γöé gzip:   0.36 kB[22m
[2mdist/[22m[36massets/truck-BD4TZb1N.js                  [39m[1m[2m  0.57 kB[22m[1m[22m[2m Γöé gzip:   0.37 kB[22m
[2mdist/[22m[36massets/map-Czzuf3fb.js                    [39m[1m[2m  0.59 kB[22m[1m[22m[2m Γöé gzip:   0.38 kB[22m
[2mdist/[22m[36massets/eye-off-Bn9wp-z6.js                [39m[1m[2m  0.60 kB[22m[1m[22m[2m Γöé gzip:   0.38 kB[22m
[2mdist/[22m[36massets/star-DLR7QsOC.js                   [39m[1m[2m  0.64 kB[22m[1m[22m[2m Γöé gzip:   0.40 kB[22m
[2mdist/[22m[36massets/toggle-right-D-NxFjUH.js           [39m[1m[2m  0.70 kB[22m[1m[22m[2m Γöé gzip:   0.32 kB[22m
[2mdist/[22m[36massets/shopping-cart-kn5q-UDd.js          [39m[1m[2m  0.70 kB[22m[1m[22m[2m Γöé gzip:   0.37 kB[22m
[2mdist/[22m[36massets/users-CJfn0GCo.js                  [39m[1m[2m  0.74 kB[22m[1m[22m[2m Γöé gzip:   0.39 kB[22m
[2mdist/[22m[36massets/NotFound--fyWoBz0.js               [39m[1m[2m  0.79 kB[22m[1m[22m[2m Γöé gzip:   0.47 kB[22m
[2mdist/[22m[36massets/products-BZW9TF51.js               [39m[1m[2m  0.81 kB[22m[1m[22m[2m Γöé gzip:   0.37 kB[22m
[2mdist/[22m[36massets/list-ordered-DFhG-ENV.js           [39m[1m[2m  0.84 kB[22m[1m[22m[2m Γöé gzip:   0.41 kB[22m
[2mdist/[22m[36massets/FormInput-CMmCMJ6P.js              [39m[1m[2m  1.03 kB[22m[1m[22m[2m Γöé gzip:   0.51 kB[22m
[2mdist/[22m[36massets/AccessDenied-D_xMZlxU.js           [39m[1m[2m  1.20 kB[22m[1m[22m[2m Γöé gzip:   0.64 kB[22m
[2mdist/[22m[36massets/shops-DoipD7gU.js                  [39m[1m[2m  1.21 kB[22m[1m[22m[2m Γöé gzip:   0.44 kB[22m
[2mdist/[22m[36massets/orders-Clj-RgRB.js                 [39m[1m[2m  1.26 kB[22m[1m[22m[2m Γöé gzip:   0.54 kB[22m
[2mdist/[22m[36massets/settings-r5o2hAsE.js               [39m[1m[2m  1.26 kB[22m[1m[22m[2m Γöé gzip:   0.52 kB[22m
[2mdist/[22m[36massets/server-Bq-GMEL9.js                 [39m[1m[2m  1.61 kB[22m[1m[22m[2m Γöé gzip:   0.59 kB[22m
[2mdist/[22m[36massets/ConfirmModal-CiKcrxJW.js           [39m[1m[2m  1.90 kB[22m[1m[22m[2m Γöé gzip:   0.83 kB[22m
[2mdist/[22m[36massets/FloatingInput-DqW0GP8L.js          [39m[1m[2m  1.92 kB[22m[1m[22m[2m Γöé gzip:   0.92 kB[22m
[2mdist/[22m[36massets/CollectionPage-Bc-GpqPk.js         [39m[1m[2m  2.41 kB[22m[1m[22m[2m Γöé gzip:   1.22 kB[22m
[2mdist/[22m[36massets/DataTable-wXASIfkw.js              [39m[1m[2m  2.64 kB[22m[1m[22m[2m Γöé gzip:   0.99 kB[22m
[2mdist/[22m[36massets/ImageUpload-y4plrIBF.js            [39m[1m[2m  3.23 kB[22m[1m[22m[2m Γöé gzip:   1.49 kB[22m
[2mdist/[22m[36massets/AdminUsers-DvhY8JqA.js             [39m[1m[2m  3.93 kB[22m[1m[22m[2m Γöé gzip:   1.67 kB[22m
[2mdist/[22m[36massets/ResetPasswordPage-BJyqVTKk.js      [39m[1m[2m  3.99 kB[22m[1m[22m[2m Γöé gzip:   1.59 kB[22m
[2mdist/[22m[36massets/CartDrawer-D_qSj8Gr.js             [39m[1m[2m  3.99 kB[22m[1m[22m[2m Γöé gzip:   1.42 kB[22m
[2mdist/[22m[36massets/PostDetailPage-BQnKqPHy.js         [39m[1m[2m  4.10 kB[22m[1m[22m[2m Γöé gzip:   1.54 kB[22m
[2mdist/[22m[36massets/EditUser-2LFLW8ic.js               [39m[1m[2m  4.25 kB[22m[1m[22m[2m Γöé gzip:   1.80 kB[22m
[2mdist/[22m[36massets/AdminProducts-Cy1OOHdF.js          [39m[1m[2m  4.31 kB[22m[1m[22m[2m Γöé gzip:   1.80 kB[22m
[2mdist/[22m[36massets/OrderConfirmation-BiS3xpgo.js      [39m[1m[2m  4.67 kB[22m[1m[22m[2m Γöé gzip:   1.62 kB[22m
[2mdist/[22m[36massets/PendingApprovalPage-Bs0WkjhJ.js    [39m[1m[2m  4.80 kB[22m[1m[22m[2m Γöé gzip:   1.69 kB[22m
[2mdist/[22m[36massets/AdminUsersCreate-DPQc_tsv.js       [39m[1m[2m  4.84 kB[22m[1m[22m[2m Γöé gzip:   1.70 kB[22m
[2mdist/[22m[36massets/AdminShops-CkLIJLVd.js             [39m[1m[2m  4.93 kB[22m[1m[22m[2m Γöé gzip:   2.01 kB[22m
[2mdist/[22m[36massets/ContactUs-ByJPBrTX.js              [39m[1m[2m  4.95 kB[22m[1m[22m[2m Γöé gzip:   1.48 kB[22m
[2mdist/[22m[36massets/AdminSellers-w6g4rR6J.js           [39m[1m[2m  5.62 kB[22m[1m[22m[2m Γöé gzip:   1.77 kB[22m
[2mdist/[22m[36massets/AllProducts-BgPgu0xX.js            [39m[1m[2m  5.71 kB[22m[1m[22m[2m Γöé gzip:   2.16 kB[22m
[2mdist/[22m[36massets/AdminShopRequests-DDPKTqix.js      [39m[1m[2m  5.78 kB[22m[1m[22m[2m Γöé gzip:   2.03 kB[22m
[2mdist/[22m[36massets/EditProduct-CH4pqgqO.js            [39m[1m[2m  5.82 kB[22m[1m[22m[2m Γöé gzip:   2.36 kB[22m
[2mdist/[22m[36massets/AboutUs-FQGqoaR-.js                [39m[1m[2m  5.92 kB[22m[1m[22m[2m Γöé gzip:   1.97 kB[22m
[2mdist/[22m[36massets/CartPage-DJSpszrv.js               [39m[1m[2m  6.43 kB[22m[1m[22m[2m Γöé gzip:   2.05 kB[22m
[2mdist/[22m[36massets/CreateShop-DSmgYEbn.js             [39m[1m[2m  6.46 kB[22m[1m[22m[2m Γöé gzip:   2.18 kB[22m
[2mdist/[22m[36massets/CreateProduct-CtnQPDPl.js          [39m[1m[2m  6.94 kB[22m[1m[22m[2m Γöé gzip:   2.53 kB[22m
[2mdist/[22m[36massets/ProductCard-DTQH3WqC.js            [39m[1m[2m  6.98 kB[22m[1m[22m[2m Γöé gzip:   2.61 kB[22m
[2mdist/[22m[36massets/AdminFeed-CfkWMZkr.js              [39m[1m[2m  7.06 kB[22m[1m[22m[2m Γöé gzip:   2.17 kB[22m
[2mdist/[22m[36massets/SellerShopProfile-3VnYShOx.js      [39m[1m[2m  7.16 kB[22m[1m[22m[2m Γöé gzip:   2.36 kB[22m
[2mdist/[22m[36massets/EditShop-C8TPUOAQ.js               [39m[1m[2m  7.42 kB[22m[1m[22m[2m Γöé gzip:   2.53 kB[22m
[2mdist/[22m[36massets/AuthModal-Bauk-lq9.js              [39m[1m[2m  7.54 kB[22m[1m[22m[2m Γöé gzip:   2.13 kB[22m
[2mdist/[22m[36massets/ShopRequestForm-BHSJGZ4_.js        [39m[1m[2m  7.61 kB[22m[1m[22m[2m Γöé gzip:   2.31 kB[22m
[2mdist/[22m[36massets/SellerFeed-Du45731a.js             [39m[1m[2m  7.70 kB[22m[1m[22m[2m Γöé gzip:   2.91 kB[22m
[2mdist/[22m[36massets/ProfilePage-455O2xTS.js            [39m[1m[2m  7.75 kB[22m[1m[22m[2m Γöé gzip:   2.14 kB[22m
[2mdist/[22m[36massets/ShopPage-Cta4Exo8.js               [39m[1m[2m  8.08 kB[22m[1m[22m[2m Γöé gzip:   2.77 kB[22m
[2mdist/[22m[36massets/SellerProfilePage-BPbYuVjA.js      [39m[1m[2m  8.32 kB[22m[1m[22m[2m Γöé gzip:   2.69 kB[22m
[2mdist/[22m[36massets/CreateMarket-0JuVkQfz.js           [39m[1m[2m  8.33 kB[22m[1m[22m[2m Γöé gzip:   3.27 kB[22m
[2mdist/[22m[36massets/AdminOrders-DVdSdl5v.js            [39m[1m[2m  9.43 kB[22m[1m[22m[2m Γöé gzip:   2.70 kB[22m
[2mdist/[22m[36massets/AdminBanners-DbDZiCcA.js           [39m[1m[2m  9.59 kB[22m[1m[22m[2m Γöé gzip:   2.99 kB[22m
[2mdist/[22m[36massets/CreateUser--6kzJeuo.js             [39m[1m[2m  9.91 kB[22m[1m[22m[2m Γöé gzip:   3.08 kB[22m
[2mdist/[22m[36massets/ShopsExplorerPage-Bw62TjCv.js      [39m[1m[2m 10.88 kB[22m[1m[22m[2m Γöé gzip:   3.55 kB[22m
[2mdist/[22m[36massets/CheckoutPage-CAO5E_be.js           [39m[1m[2m 10.91 kB[22m[1m[22m[2m Γöé gzip:   3.36 kB[22m
[2mdist/[22m[36massets/SystemStatus-Jo5hwcCy.js           [39m[1m[2m 10.97 kB[22m[1m[22m[2m Γöé gzip:   3.37 kB[22m
[2mdist/[22m[36massets/ProductPage-DStV_Jha.js            [39m[1m[2m 11.44 kB[22m[1m[22m[2m Γöé gzip:   4.07 kB[22m
[2mdist/[22m[36massets/Markets-BP3-aXxD.js                [39m[1m[2m 12.13 kB[22m[1m[22m[2m Γöé gzip:   3.70 kB[22m
[2mdist/[22m[36massets/ServerConsole-B8kou9Jn.js          [39m[1m[2m 12.18 kB[22m[1m[22m[2m Γöé gzip:   3.44 kB[22m
[2mdist/[22m[36massets/Footer-XY9Phdfz.js                 [39m[1m[2m 13.54 kB[22m[1m[22m[2m Γöé gzip:   3.95 kB[22m
[2mdist/[22m[36massets/Index-CfObrH3J.js                  [39m[1m[2m 13.84 kB[22m[1m[22m[2m Γöé gzip:   4.46 kB[22m
[2mdist/[22m[36massets/AdvancedServerControl-Bk0UWlZ4.js  [39m[1m[2m 17.25 kB[22m[1m[22m[2m Γöé gzip:   4.93 kB[22m
[2mdist/[22m[36massets/SellerDashboard-BkW_r4tM.js        [39m[1m[2m 18.61 kB[22m[1m[22m[2m Γöé gzip:   5.35 kB[22m
[2mdist/[22m[36massets/purify.es-BgtpMKW3.js              [39m[1m[2m 22.77 kB[22m[1m[22m[2m Γöé gzip:   8.79 kB[22m
[2mdist/[22m[36massets/SellerPostCard-Ld3MsL7t.js         [39m[1m[2m 23.81 kB[22m[1m[22m[2m Γöé gzip:   7.51 kB[22m
[2mdist/[22m[36massets/LoginPage-BZK_FIHO.js              [39m[1m[2m 26.42 kB[22m[1m[22m[2m Γöé gzip:   7.53 kB[22m
[2mdist/[22m[36massets/ui-Bkknjs7M.js                     [39m[1m[2m 64.81 kB[22m[1m[22m[2m Γöé gzip:  22.90 kB[22m
[2mdist/[22m[36massets/MarketPage-DBz2HoBC.js             [39m[1m[2m 93.32 kB[22m[1m[22m[2m Γöé gzip:  28.69 kB[22m
[2mdist/[22m[36massets/index.es-DFJ2JSbC.js               [39m[1m[2m151.34 kB[22m[1m[22m[2m Γöé gzip:  51.89 kB[22m
[2mdist/[22m[36massets/vendor-CwbwJxlt.js                 [39m[1m[2m163.27 kB[22m[1m[22m[2m Γöé gzip:  53.31 kB[22m
[2mdist/[22m[36massets/supabase-CgTbsAGn.js               [39m[1m[2m196.50 kB[22m[1m[22m[2m Γöé gzip:  51.90 kB[22m
[2mdist/[22m[36massets/html2canvas.esm-CBrSDip1.js        [39m[1m[2m201.42 kB[22m[1m[22m[2m Γöé gzip:  48.03 kB[22m
[2mdist/[22m[36massets/index-ClCRYUDD.js                  [39m[1m[2m358.42 kB[22m[1m[22m[2m Γöé gzip: 115.97 kB[22m
[2mdist/[22m[36massets/AdminDashboard-aD7uRxNZ.js         [39m[1m[2m400.49 kB[22m[1m[22m[2m Γöé gzip: 110.43 kB[22m
[2mdist/[22m[36massets/TrackOrdersPage-DFnri8k8.js        [39m[1m[2m401.89 kB[22m[1m[22m[2m Γöé gzip: 132.36 kB[22m
[32mΓ£ô built in 11.28s[39m
