error TS6305: Output file 'C:/Users/srivi/Downloads/market-local-shops-143/src/AddShop.d.ts' has not been built from source file 'C:/Users/srivi/Downloads/market-local-shops-143/src/AddShop.tsx'.
  The file is in the program because:
    Matched by include pattern 'src' in 'C:/Users/srivi/Downloads/market-local-shops-143/tsconfig.json'
error TS6305: Output file 'C:/Users/srivi/Downloads/market-local-shops-143/src/AdminProducts.d.ts' has not been built from source file 'C:/Users/srivi/Downloads/market-local-shops-143/src/AdminProducts.tsx'.
  The file is in the program because:
    Matched by include pattern 'src' in 'C:/Users/srivi/Downloads/market-local-shops-143/tsconfig.json'
error TS6305: Output file 'C:/Users/srivi/Downloads/market-local-shops-143/src/AdminShops.d.ts' has not been built from source file 'C:/Users/srivi/Downloads/market-local-shops-143/src/AdminShops.tsx'.
  The file is in the program because:
    Matched by include pattern 'src' in 'C:/Users/srivi/Downloads/market-local-shops-143/tsconfig.json'
error TS6305: Output file 'C:/Users/srivi/Downloads/market-local-shops-143/src/AllProducts.d.ts' has not been built from source file 'C:/Users/srivi/Downloads/market-local-shops-143/src/AllProducts.tsx'.
  The file is in the program because:
    Matched by include pattern 'src' in 'C:/Users/srivi/Downloads/market-local-shops-143/tsconfig.json'
error TS6305: Output file 'C:/Users/srivi/Downloads/market-local-shops-143/src/App.d.ts' has not been built from source file 'C:/Users/srivi/Downloads/market-local-shops-143/src/App.tsx'.
  The file is in the program because:
    Matched by include pattern 'src' in 'C:/Users/srivi/Downloads/market-local-shops-143/tsconfig.json'
error TS6305: Output file 'C:/Users/srivi/Downloads/market-local-shops-143/src/CreateProduct.d.ts' has not been built from source file 'C:/Users/srivi/Downloads/market-local-shops-143/src/CreateProduct.tsx'.
  The file is in the program because:
    Matched by include pattern 'src' in 'C:/Users/srivi/Downloads/market-local-shops-143/tsconfig.json'
error TS6305: Output file 'C:/Users/srivi/Downloads/market-local-shops-143/src/ShopList.d.ts' has not been built from source file 'C:/Users/srivi/Downloads/market-local-shops-143/src/ShopList.tsx'.
  The file is in the program because:
    Matched by include pattern 'src' in 'C:/Users/srivi/Downloads/market-local-shops-143/tsconfig.json'
error TS6305: Output file 'C:/Users/srivi/Downloads/market-local-shops-143/src/ShopPage.d.ts' has not been built from source file 'C:/Users/srivi/Downloads/market-local-shops-143/src/ShopPage.tsx'.
  The file is in the program because:
    Matched by include pattern 'src' in 'C:/Users/srivi/Downloads/market-local-shops-143/tsconfig.json'
error TS6305: Output file 'C:/Users/srivi/Downloads/market-local-shops-143/src/ShopsExplorerPage.d.ts' has not been built from source file 'C:/Users/srivi/Downloads/market-local-shops-143/src/ShopsExplorerPage.tsx'.
  The file is in the program because:
    Matched by include pattern 'src' in 'C:/Users/srivi/Downloads/market-local-shops-143/tsconfig.json'
error TS6305: Output file 'C:/Users/srivi/Downloads/market-local-shops-143/src/components/AppLayout.d.ts' has not been built from source file 'C:/Users/srivi/Downloads/market-local-shops-143/src/components/AppLayout.tsx'.
  The file is in the program because:
    Matched by include pattern 'src' in 'C:/Users/srivi/Downloads/market-local-shops-143/tsconfig.json'
error TS6305: Output file 'C:/Users/srivi/Downloads/market-local-shops-143/src/components/AuthModal.d.ts' has not been built from source file 'C:/Users/srivi/Downloads/market-local-shops-143/src/components/AuthModal.tsx'.
  The file is in the program because:
    Matched by include pattern 'src' in 'C:/Users/srivi/Downloads/market-local-shops-143/tsconfig.json'
error TS6305: Output file 'C:/Users/srivi/Downloads/market-local-shops-143/src/components/BottomNav.d.ts' has not been built from source file 'C:/Users/srivi/Downloads/market-local-shops-143/src/components/BottomNav.tsx'.
  The file is in the program because:
    Matched by include pattern 'src' in 'C:/Users/srivi/Downloads/market-local-shops-143/tsconfig.json'
error TS6305: Output file 'C:/Users/srivi/Downloads/market-local-shops-143/src/components/CartDrawer.d.ts' has not been built from source file 'C:/Users/srivi/Downloads/market-local-shops-143/src/components/CartDrawer.tsx'.
  The file is in the program because:
    Matched by include pattern 'src' in 'C:/Users/srivi/Downloads/market-local-shops-143/tsconfig.json'
error TS6305: Output file 'C:/Users/srivi/Downloads/market-local-shops-143/src/components/Footer.d.ts' has not been built from source file 'C:/Users/srivi/Downloads/market-local-shops-143/src/components/Footer.tsx'.
  The file is in the program because:
    Matched by include pattern 'src' in 'C:/Users/srivi/Downloads/market-local-shops-143/tsconfig.json'
error TS6305: Output file 'C:/Users/srivi/Downloads/market-local-shops-143/src/components/Header.d.ts' has not been built from source file 'C:/Users/srivi/Downloads/market-local-shops-143/src/components/Header.tsx'.
  The file is in the program because:
    Matched by include pattern 'src' in 'C:/Users/srivi/Downloads/market-local-shops-143/tsconfig.json'
error TS6305: Output file 'C:/Users/srivi/Downloads/market-local-shops-143/src/components/HomepageSlider.d.ts' has not been built from source file 'C:/Users/srivi/Downloads/market-local-shops-143/src/components/HomepageSlider.tsx'.
  The file is in the program because:
    Matched by include pattern 'src' in 'C:/Users/srivi/Downloads/market-local-shops-143/tsconfig.json'
error TS6305: Output file 'C:/Users/srivi/Downloads/market-local-shops-143/src/components/ProductCard.d.ts' has not been built from source file 'C:/Users/srivi/Downloads/market-local-shops-143/src/components/ProductCard.tsx'.
  The file is in the program because:
    Matched by include pattern 'src' in 'C:/Users/srivi/Downloads/market-local-shops-143/tsconfig.json'
error TS6305: Output file 'C:/Users/srivi/Downloads/market-local-shops-143/src/components/ProtectedRoute.d.ts' has not been built from source file 'C:/Users/srivi/Downloads/market-local-shops-143/src/components/ProtectedRoute.tsx'.
  The file is in the program because:
    Matched by include pattern 'src' in 'C:/Users/srivi/Downloads/market-local-shops-143/tsconfig.json'
error TS6305: Output file 'C:/Users/srivi/Downloads/market-local-shops-143/src/components/SellerPostCard.d.ts' has not been built from source file 'C:/Users/srivi/Downloads/market-local-shops-143/src/components/SellerPostCard.tsx'.
  The file is in the program because:
    Matched by include pattern 'src' in 'C:/Users/srivi/Downloads/market-local-shops-143/tsconfig.json'
error TS6305: Output file 'C:/Users/srivi/Downloads/market-local-shops-143/src/components/SubscriptionBlocker.d.ts' has not been built from source file 'C:/Users/srivi/Downloads/market-local-shops-143/src/components/SubscriptionBlocker.tsx'.
  The file is in the program because:
    Matched by include pattern 'src' in 'C:/Users/srivi/Downloads/market-local-shops-143/tsconfig.json'
error TS6305: Output file 'C:/Users/srivi/Downloads/market-local-shops-143/src/components/admin/AdminLayout.d.ts' has not been built from source file 'C:/Users/srivi/Downloads/market-local-shops-143/src/components/admin/AdminLayout.tsx'.
  The file is in the program because:
    Matched by include pattern 'src' in 'C:/Users/srivi/Downloads/market-local-shops-143/tsconfig.json'
error TS6305: Output file 'C:/Users/srivi/Downloads/market-local-shops-143/src/components/admin/Card.d.ts' has not been built from source file 'C:/Users/srivi/Downloads/market-local-shops-143/src/components/admin/Card.tsx'.
  The file is in the program because:
    Matched by include pattern 'src' in 'C:/Users/srivi/Downloads/market-local-shops-143/tsconfig.json'
error TS6305: Output file 'C:/Users/srivi/Downloads/market-local-shops-143/src/components/admin/ConfirmModal.d.ts' has not been built from source file 'C:/Users/srivi/Downloads/market-local-shops-143/src/components/admin/ConfirmModal.tsx'.
  The file is in the program because:
    Matched by include pattern 'src' in 'C:/Users/srivi/Downloads/market-local-shops-143/tsconfig.json'
error TS6305: Output file 'C:/Users/srivi/Downloads/market-local-shops-143/src/components/admin/CreateButton.d.ts' has not been built from source file 'C:/Users/srivi/Downloads/market-local-shops-143/src/components/admin/CreateButton.tsx'.
  The file is in the program because:
    Matched by include pattern 'src' in 'C:/Users/srivi/Downloads/market-local-shops-143/tsconfig.json'
error TS6305: Output file 'C:/Users/srivi/Downloads/market-local-shops-143/src/components/admin/DataTable.d.ts' has not been built from source file 'C:/Users/srivi/Downloads/market-local-shops-143/src/components/admin/DataTable.tsx'.
  The file is in the program because:
    Matched by include pattern 'src' in 'C:/Users/srivi/Downloads/market-local-shops-143/tsconfig.json'
error TS6305: Output file 'C:/Users/srivi/Downloads/market-local-shops-143/src/components/admin/FormInput.d.ts' has not been built from source file 'C:/Users/srivi/Downloads/market-local-shops-143/src/components/admin/FormInput.tsx'.
  The file is in the program because:
    Matched by include pattern 'src' in 'C:/Users/srivi/Downloads/market-local-shops-143/tsconfig.json'
error TS6305: Output file 'C:/Users/srivi/Downloads/market-local-shops-143/src/components/admin/ImageUpload.d.ts' has not been built from source file 'C:/Users/srivi/Downloads/market-local-shops-143/src/components/admin/ImageUpload.tsx'.
  The file is in the program because:
    Matched by include pattern 'src' in 'C:/Users/srivi/Downloads/market-local-shops-143/tsconfig.json'
error TS6305: Output file 'C:/Users/srivi/Downloads/market-local-shops-143/src/components/admin/Sidebar.d.ts' has not been built from source file 'C:/Users/srivi/Downloads/market-local-shops-143/src/components/admin/Sidebar.tsx'.
  The file is in the program because:
    Matched by include pattern 'src' in 'C:/Users/srivi/Downloads/market-local-shops-143/tsconfig.json'
error TS6305: Output file 'C:/Users/srivi/Downloads/market-local-shops-143/src/components/admin/StatCard.d.ts' has not been built from source file 'C:/Users/srivi/Downloads/market-local-shops-143/src/components/admin/StatCard.tsx'.
  The file is in the program because:
    Matched by include pattern 'src' in 'C:/Users/srivi/Downloads/market-local-shops-143/tsconfig.json'
error TS6305: Output file 'C:/Users/srivi/Downloads/market-local-shops-143/src/components/theme-provider.d.ts' has not been built from source file 'C:/Users/srivi/Downloads/market-local-shops-143/src/components/theme-provider.tsx'.
  The file is in the program because:
    Matched by include pattern 'src' in 'C:/Users/srivi/Downloads/market-local-shops-143/tsconfig.json'
error TS6305: Output file 'C:/Users/srivi/Downloads/market-local-shops-143/src/components/ui/accordion.d.ts' has not been built from source file 'C:/Users/srivi/Downloads/market-local-shops-143/src/components/ui/accordion.tsx'.
  The file is in the program because:
    Matched by include pattern 'src' in 'C:/Users/srivi/Downloads/market-local-shops-143/tsconfig.json'
error TS6305: Output file 'C:/Users/srivi/Downloads/market-local-shops-143/src/components/ui/alert-dialog.d.ts' has not been built from source file 'C:/Users/srivi/Downloads/market-local-shops-143/src/components/ui/alert-dialog.tsx'.
  The file is in the program because:
    Matched by include pattern 'src' in 'C:/Users/srivi/Downloads/market-local-shops-143/tsconfig.json'
error TS6305: Output file 'C:/Users/srivi/Downloads/market-local-shops-143/src/components/ui/alert.d.ts' has not been built from source file 'C:/Users/srivi/Downloads/market-local-shops-143/src/components/ui/alert.tsx'.
  The file is in the program because:
    Matched by include pattern 'src' in 'C:/Users/srivi/Downloads/market-local-shops-143/tsconfig.json'
error TS6305: Output file 'C:/Users/srivi/Downloads/market-local-shops-143/src/components/ui/aspect-ratio.d.ts' has not been built from source file 'C:/Users/srivi/Downloads/market-local-shops-143/src/components/ui/aspect-ratio.tsx'.
  The file is in the program because:
    Matched by include pattern 'src' in 'C:/Users/srivi/Downloads/market-local-shops-143/tsconfig.json'
error TS6305: Output file 'C:/Users/srivi/Downloads/market-local-shops-143/src/components/ui/avatar.d.ts' has not been built from source file 'C:/Users/srivi/Downloads/market-local-shops-143/src/components/ui/avatar.tsx'.
  The file is in the program because:
    Matched by include pattern 'src' in 'C:/Users/srivi/Downloads/market-local-shops-143/tsconfig.json'
error TS6305: Output file 'C:/Users/srivi/Downloads/market-local-shops-143/src/components/ui/badge.d.ts' has not been built from source file 'C:/Users/srivi/Downloads/market-local-shops-143/src/components/ui/badge.tsx'.
  The file is in the program because:
    Matched by include pattern 'src' in 'C:/Users/srivi/Downloads/market-local-shops-143/tsconfig.json'
error TS6305: Output file 'C:/Users/srivi/Downloads/market-local-shops-143/src/components/ui/breadcrumb.d.ts' has not been built from source file 'C:/Users/srivi/Downloads/market-local-shops-143/src/components/ui/breadcrumb.tsx'.
  The file is in the program because:
    Matched by include pattern 'src' in 'C:/Users/srivi/Downloads/market-local-shops-143/tsconfig.json'
error TS6305: Output file 'C:/Users/srivi/Downloads/market-local-shops-143/src/components/ui/button.d.ts' has not been built from source file 'C:/Users/srivi/Downloads/market-local-shops-143/src/components/ui/button.tsx'.
  The file is in the program because:
    Matched by include pattern 'src' in 'C:/Users/srivi/Downloads/market-local-shops-143/tsconfig.json'
error TS6305: Output file 'C:/Users/srivi/Downloads/market-local-shops-143/src/components/ui/calendar.d.ts' has not been built from source file 'C:/Users/srivi/Downloads/market-local-shops-143/src/components/ui/calendar.tsx'.
  The file is in the program because:
    Matched by include pattern 'src' in 'C:/Users/srivi/Downloads/market-local-shops-143/tsconfig.json'
error TS6305: Output file 'C:/Users/srivi/Downloads/market-local-shops-143/src/components/ui/card.d.ts' has not been built from source file 'C:/Users/srivi/Downloads/market-local-shops-143/src/components/ui/card.tsx'.
  The file is in the program because:
    Matched by include pattern 'src' in 'C:/Users/srivi/Downloads/market-local-shops-143/tsconfig.json'
error TS6305: Output file 'C:/Users/srivi/Downloads/market-local-shops-143/src/components/ui/carousel.d.ts' has not been built from source file 'C:/Users/srivi/Downloads/market-local-shops-143/src/components/ui/carousel.tsx'.
  The file is in the program because:
    Matched by include pattern 'src' in 'C:/Users/srivi/Downloads/market-local-shops-143/tsconfig.json'
error TS6305: Output file 'C:/Users/srivi/Downloads/market-local-shops-143/src/components/ui/chart.d.ts' has not been built from source file 'C:/Users/srivi/Downloads/market-local-shops-143/src/components/ui/chart.tsx'.
  The file is in the program because:
    Matched by include pattern 'src' in 'C:/Users/srivi/Downloads/market-local-shops-143/tsconfig.json'
error TS6305: Output file 'C:/Users/srivi/Downloads/market-local-shops-143/src/components/ui/checkbox.d.ts' has not been built from source file 'C:/Users/srivi/Downloads/market-local-shops-143/src/components/ui/checkbox.tsx'.
  The file is in the program because:
    Matched by include pattern 'src' in 'C:/Users/srivi/Downloads/market-local-shops-143/tsconfig.json'
error TS6305: Output file 'C:/Users/srivi/Downloads/market-local-shops-143/src/components/ui/collapsible.d.ts' has not been built from source file 'C:/Users/srivi/Downloads/market-local-shops-143/src/components/ui/collapsible.tsx'.
  The file is in the program because:
    Matched by include pattern 'src' in 'C:/Users/srivi/Downloads/market-local-shops-143/tsconfig.json'
error TS6305: Output file 'C:/Users/srivi/Downloads/market-local-shops-143/src/components/ui/command.d.ts' has not been built from source file 'C:/Users/srivi/Downloads/market-local-shops-143/src/components/ui/command.tsx'.
  The file is in the program because:
    Matched by include pattern 'src' in 'C:/Users/srivi/Downloads/market-local-shops-143/tsconfig.json'
error TS6305: Output file 'C:/Users/srivi/Downloads/market-local-shops-143/src/components/ui/context-menu.d.ts' has not been built from source file 'C:/Users/srivi/Downloads/market-local-shops-143/src/components/ui/context-menu.tsx'.
  The file is in the program because:
    Matched by include pattern 'src' in 'C:/Users/srivi/Downloads/market-local-shops-143/tsconfig.json'
error TS6305: Output file 'C:/Users/srivi/Downloads/market-local-shops-143/src/components/ui/dialog.d.ts' has not been built from source file 'C:/Users/srivi/Downloads/market-local-shops-143/src/components/ui/dialog.tsx'.
  The file is in the program because:
    Matched by include pattern 'src' in 'C:/Users/srivi/Downloads/market-local-shops-143/tsconfig.json'
error TS6305: Output file 'C:/Users/srivi/Downloads/market-local-shops-143/src/components/ui/drawer.d.ts' has not been built from source file 'C:/Users/srivi/Downloads/market-local-shops-143/src/components/ui/drawer.tsx'.
  The file is in the program because:
    Matched by include pattern 'src' in 'C:/Users/srivi/Downloads/market-local-shops-143/tsconfig.json'
error TS6305: Output file 'C:/Users/srivi/Downloads/market-local-shops-143/src/components/ui/dropdown-menu.d.ts' has not been built from source file 'C:/Users/srivi/Downloads/market-local-shops-143/src/components/ui/dropdown-menu.tsx'.
  The file is in the program because:
    Matched by include pattern 'src' in 'C:/Users/srivi/Downloads/market-local-shops-143/tsconfig.json'
error TS6305: Output file 'C:/Users/srivi/Downloads/market-local-shops-143/src/components/ui/form.d.ts' has not been built from source file 'C:/Users/srivi/Downloads/market-local-shops-143/src/components/ui/form.tsx'.
  The file is in the program because:
    Matched by include pattern 'src' in 'C:/Users/srivi/Downloads/market-local-shops-143/tsconfig.json'
error TS6305: Output file 'C:/Users/srivi/Downloads/market-local-shops-143/src/components/ui/hover-card.d.ts' has not been built from source file 'C:/Users/srivi/Downloads/market-local-shops-143/src/components/ui/hover-card.tsx'.
  The file is in the program because:
    Matched by include pattern 'src' in 'C:/Users/srivi/Downloads/market-local-shops-143/tsconfig.json'
error TS6305: Output file 'C:/Users/srivi/Downloads/market-local-shops-143/src/components/ui/input-otp.d.ts' has not been built from source file 'C:/Users/srivi/Downloads/market-local-shops-143/src/components/ui/input-otp.tsx'.
  The file is in the program because:
    Matched by include pattern 'src' in 'C:/Users/srivi/Downloads/market-local-shops-143/tsconfig.json'
error TS6305: Output file 'C:/Users/srivi/Downloads/market-local-shops-143/src/components/ui/input.d.ts' has not been built from source file 'C:/Users/srivi/Downloads/market-local-shops-143/src/components/ui/input.tsx'.
  The file is in the program because:
    Matched by include pattern 'src' in 'C:/Users/srivi/Downloads/market-local-shops-143/tsconfig.json'
error TS6305: Output file 'C:/Users/srivi/Downloads/market-local-shops-143/src/components/ui/label.d.ts' has not been built from source file 'C:/Users/srivi/Downloads/market-local-shops-143/src/components/ui/label.tsx'.
  The file is in the program because:
    Matched by include pattern 'src' in 'C:/Users/srivi/Downloads/market-local-shops-143/tsconfig.json'
error TS6305: Output file 'C:/Users/srivi/Downloads/market-local-shops-143/src/components/ui/menubar.d.ts' has not been built from source file 'C:/Users/srivi/Downloads/market-local-shops-143/src/components/ui/menubar.tsx'.
  The file is in the program because:
    Matched by include pattern 'src' in 'C:/Users/srivi/Downloads/market-local-shops-143/tsconfig.json'
error TS6305: Output file 'C:/Users/srivi/Downloads/market-local-shops-143/src/components/ui/navigation-menu.d.ts' has not been built from source file 'C:/Users/srivi/Downloads/market-local-shops-143/src/components/ui/navigation-menu.tsx'.
  The file is in the program because:
    Matched by include pattern 'src' in 'C:/Users/srivi/Downloads/market-local-shops-143/tsconfig.json'
error TS6305: Output file 'C:/Users/srivi/Downloads/market-local-shops-143/src/components/ui/pagination.d.ts' has not been built from source file 'C:/Users/srivi/Downloads/market-local-shops-143/src/components/ui/pagination.tsx'.
  The file is in the program because:
    Matched by include pattern 'src' in 'C:/Users/srivi/Downloads/market-local-shops-143/tsconfig.json'
error TS6305: Output file 'C:/Users/srivi/Downloads/market-local-shops-143/src/components/ui/popover.d.ts' has not been built from source file 'C:/Users/srivi/Downloads/market-local-shops-143/src/components/ui/popover.tsx'.
  The file is in the program because:
    Matched by include pattern 'src' in 'C:/Users/srivi/Downloads/market-local-shops-143/tsconfig.json'
error TS6305: Output file 'C:/Users/srivi/Downloads/market-local-shops-143/src/components/ui/progress.d.ts' has not been built from source file 'C:/Users/srivi/Downloads/market-local-shops-143/src/components/ui/progress.tsx'.
  The file is in the program because:
    Matched by include pattern 'src' in 'C:/Users/srivi/Downloads/market-local-shops-143/tsconfig.json'
error TS6305: Output file 'C:/Users/srivi/Downloads/market-local-shops-143/src/components/ui/radio-group.d.ts' has not been built from source file 'C:/Users/srivi/Downloads/market-local-shops-143/src/components/ui/radio-group.tsx'.
  The file is in the program because:
    Matched by include pattern 'src' in 'C:/Users/srivi/Downloads/market-local-shops-143/tsconfig.json'
error TS6305: Output file 'C:/Users/srivi/Downloads/market-local-shops-143/src/components/ui/resizable.d.ts' has not been built from source file 'C:/Users/srivi/Downloads/market-local-shops-143/src/components/ui/resizable.tsx'.
  The file is in the program because:
    Matched by include pattern 'src' in 'C:/Users/srivi/Downloads/market-local-shops-143/tsconfig.json'
error TS6305: Output file 'C:/Users/srivi/Downloads/market-local-shops-143/src/components/ui/scroll-area.d.ts' has not been built from source file 'C:/Users/srivi/Downloads/market-local-shops-143/src/components/ui/scroll-area.tsx'.
  The file is in the program because:
    Matched by include pattern 'src' in 'C:/Users/srivi/Downloads/market-local-shops-143/tsconfig.json'
error TS6305: Output file 'C:/Users/srivi/Downloads/market-local-shops-143/src/components/ui/select.d.ts' has not been built from source file 'C:/Users/srivi/Downloads/market-local-shops-143/src/components/ui/select.tsx'.
  The file is in the program because:
    Matched by include pattern 'src' in 'C:/Users/srivi/Downloads/market-local-shops-143/tsconfig.json'
error TS6305: Output file 'C:/Users/srivi/Downloads/market-local-shops-143/src/components/ui/separator.d.ts' has not been built from source file 'C:/Users/srivi/Downloads/market-local-shops-143/src/components/ui/separator.tsx'.
  The file is in the program because:
    Matched by include pattern 'src' in 'C:/Users/srivi/Downloads/market-local-shops-143/tsconfig.json'
error TS6305: Output file 'C:/Users/srivi/Downloads/market-local-shops-143/src/components/ui/sheet.d.ts' has not been built from source file 'C:/Users/srivi/Downloads/market-local-shops-143/src/components/ui/sheet.tsx'.
  The file is in the program because:
    Matched by include pattern 'src' in 'C:/Users/srivi/Downloads/market-local-shops-143/tsconfig.json'
error TS6305: Output file 'C:/Users/srivi/Downloads/market-local-shops-143/src/components/ui/sidebar.d.ts' has not been built from source file 'C:/Users/srivi/Downloads/market-local-shops-143/src/components/ui/sidebar.tsx'.
  The file is in the program because:
    Matched by include pattern 'src' in 'C:/Users/srivi/Downloads/market-local-shops-143/tsconfig.json'
error TS6305: Output file 'C:/Users/srivi/Downloads/market-local-shops-143/src/components/ui/skeleton.d.ts' has not been built from source file 'C:/Users/srivi/Downloads/market-local-shops-143/src/components/ui/skeleton.tsx'.
  The file is in the program because:
    Matched by include pattern 'src' in 'C:/Users/srivi/Downloads/market-local-shops-143/tsconfig.json'
error TS6305: Output file 'C:/Users/srivi/Downloads/market-local-shops-143/src/components/ui/slider.d.ts' has not been built from source file 'C:/Users/srivi/Downloads/market-local-shops-143/src/components/ui/slider.tsx'.
  The file is in the program because:
    Matched by include pattern 'src' in 'C:/Users/srivi/Downloads/market-local-shops-143/tsconfig.json'
error TS6305: Output file 'C:/Users/srivi/Downloads/market-local-shops-143/src/components/ui/sonner.d.ts' has not been built from source file 'C:/Users/srivi/Downloads/market-local-shops-143/src/components/ui/sonner.tsx'.
  The file is in the program because:
    Matched by include pattern 'src' in 'C:/Users/srivi/Downloads/market-local-shops-143/tsconfig.json'
error TS6305: Output file 'C:/Users/srivi/Downloads/market-local-shops-143/src/components/ui/switch.d.ts' has not been built from source file 'C:/Users/srivi/Downloads/market-local-shops-143/src/components/ui/switch.tsx'.
  The file is in the program because:
    Matched by include pattern 'src' in 'C:/Users/srivi/Downloads/market-local-shops-143/tsconfig.json'
error TS6305: Output file 'C:/Users/srivi/Downloads/market-local-shops-143/src/components/ui/table.d.ts' has not been built from source file 'C:/Users/srivi/Downloads/market-local-shops-143/src/components/ui/table.tsx'.
  The file is in the program because:
    Matched by include pattern 'src' in 'C:/Users/srivi/Downloads/market-local-shops-143/tsconfig.json'
error TS6305: Output file 'C:/Users/srivi/Downloads/market-local-shops-143/src/components/ui/tabs.d.ts' has not been built from source file 'C:/Users/srivi/Downloads/market-local-shops-143/src/components/ui/tabs.tsx'.
  The file is in the program because:
    Matched by include pattern 'src' in 'C:/Users/srivi/Downloads/market-local-shops-143/tsconfig.json'
error TS6305: Output file 'C:/Users/srivi/Downloads/market-local-shops-143/src/components/ui/textarea.d.ts' has not been built from source file 'C:/Users/srivi/Downloads/market-local-shops-143/src/components/ui/textarea.tsx'.
  The file is in the program because:
    Matched by include pattern 'src' in 'C:/Users/srivi/Downloads/market-local-shops-143/tsconfig.json'
error TS6305: Output file 'C:/Users/srivi/Downloads/market-local-shops-143/src/components/ui/toast.d.ts' has not been built from source file 'C:/Users/srivi/Downloads/market-local-shops-143/src/components/ui/toast.tsx'.
  The file is in the program because:
    Matched by include pattern 'src' in 'C:/Users/srivi/Downloads/market-local-shops-143/tsconfig.json'
error TS6305: Output file 'C:/Users/srivi/Downloads/market-local-shops-143/src/components/ui/toaster.d.ts' has not been built from source file 'C:/Users/srivi/Downloads/market-local-shops-143/src/components/ui/toaster.tsx'.
  The file is in the program because:
    Matched by include pattern 'src' in 'C:/Users/srivi/Downloads/market-local-shops-143/tsconfig.json'
error TS6305: Output file 'C:/Users/srivi/Downloads/market-local-shops-143/src/components/ui/toggle-group.d.ts' has not been built from source file 'C:/Users/srivi/Downloads/market-local-shops-143/src/components/ui/toggle-group.tsx'.
  The file is in the program because:
    Matched by include pattern 'src' in 'C:/Users/srivi/Downloads/market-local-shops-143/tsconfig.json'
error TS6305: Output file 'C:/Users/srivi/Downloads/market-local-shops-143/src/components/ui/toggle.d.ts' has not been built from source file 'C:/Users/srivi/Downloads/market-local-shops-143/src/components/ui/toggle.tsx'.
  The file is in the program because:
    Matched by include pattern 'src' in 'C:/Users/srivi/Downloads/market-local-shops-143/tsconfig.json'
error TS6305: Output file 'C:/Users/srivi/Downloads/market-local-shops-143/src/components/ui/tooltip.d.ts' has not been built from source file 'C:/Users/srivi/Downloads/market-local-shops-143/src/components/ui/tooltip.tsx'.
  The file is in the program because:
    Matched by include pattern 'src' in 'C:/Users/srivi/Downloads/market-local-shops-143/tsconfig.json'
error TS6305: Output file 'C:/Users/srivi/Downloads/market-local-shops-143/src/components/ui/use-toast.d.ts' has not been built from source file 'C:/Users/srivi/Downloads/market-local-shops-143/src/components/ui/use-toast.ts'.
  The file is in the program because:
    Matched by include pattern 'src' in 'C:/Users/srivi/Downloads/market-local-shops-143/tsconfig.json'
error TS6305: Output file 'C:/Users/srivi/Downloads/market-local-shops-143/src/contexts/AppContext.d.ts' has not been built from source file 'C:/Users/srivi/Downloads/market-local-shops-143/src/contexts/AppContext.tsx'.
  The file is in the program because:
    Matched by include pattern 'src' in 'C:/Users/srivi/Downloads/market-local-shops-143/tsconfig.json'
error TS6305: Output file 'C:/Users/srivi/Downloads/market-local-shops-143/src/contexts/AuthContext.d.ts' has not been built from source file 'C:/Users/srivi/Downloads/market-local-shops-143/src/contexts/AuthContext.tsx'.
  The file is in the program because:
    Matched by include pattern 'src' in 'C:/Users/srivi/Downloads/market-local-shops-143/tsconfig.json'
error TS6305: Output file 'C:/Users/srivi/Downloads/market-local-shops-143/src/contexts/CartContext.d.ts' has not been built from source file 'C:/Users/srivi/Downloads/market-local-shops-143/src/contexts/CartContext.tsx'.
  The file is in the program because:
    Matched by include pattern 'src' in 'C:/Users/srivi/Downloads/market-local-shops-143/tsconfig.json'
error TS6305: Output file 'C:/Users/srivi/Downloads/market-local-shops-143/src/contexts/SubscriptionContext.d.ts' has not been built from source file 'C:/Users/srivi/Downloads/market-local-shops-143/src/contexts/SubscriptionContext.tsx'.
  The file is in the program because:
    Matched by include pattern 'src' in 'C:/Users/srivi/Downloads/market-local-shops-143/tsconfig.json'
error TS6305: Output file 'C:/Users/srivi/Downloads/market-local-shops-143/src/hooks/use-mobile.d.ts' has not been built from source file 'C:/Users/srivi/Downloads/market-local-shops-143/src/hooks/use-mobile.tsx'.
  The file is in the program because:
    Matched by include pattern 'src' in 'C:/Users/srivi/Downloads/market-local-shops-143/tsconfig.json'
error TS6305: Output file 'C:/Users/srivi/Downloads/market-local-shops-143/src/hooks/use-toast.d.ts' has not been built from source file 'C:/Users/srivi/Downloads/market-local-shops-143/src/hooks/use-toast.ts'.
  The file is in the program because:
    Matched by include pattern 'src' in 'C:/Users/srivi/Downloads/market-local-shops-143/tsconfig.json'
error TS6305: Output file 'C:/Users/srivi/Downloads/market-local-shops-143/src/lib/api/categories.d.ts' has not been built from source file 'C:/Users/srivi/Downloads/market-local-shops-143/src/lib/api/categories.ts'.
  The file is in the program because:
    Matched by include pattern 'src' in 'C:/Users/srivi/Downloads/market-local-shops-143/tsconfig.json'
error TS6305: Output file 'C:/Users/srivi/Downloads/market-local-shops-143/src/lib/api/markets.d.ts' has not been built from source file 'C:/Users/srivi/Downloads/market-local-shops-143/src/lib/api/markets.ts'.
  The file is in the program because:
    Matched by include pattern 'src' in 'C:/Users/srivi/Downloads/market-local-shops-143/tsconfig.json'
error TS6305: Output file 'C:/Users/srivi/Downloads/market-local-shops-143/src/lib/api/orders.d.ts' has not been built from source file 'C:/Users/srivi/Downloads/market-local-shops-143/src/lib/api/orders.ts'.
  The file is in the program because:
    Matched by include pattern 'src' in 'C:/Users/srivi/Downloads/market-local-shops-143/tsconfig.json'
error TS6305: Output file 'C:/Users/srivi/Downloads/market-local-shops-143/src/lib/api/products.d.ts' has not been built from source file 'C:/Users/srivi/Downloads/market-local-shops-143/src/lib/api/products.ts'.
  The file is in the program because:
    Matched by include pattern 'src' in 'C:/Users/srivi/Downloads/market-local-shops-143/tsconfig.json'
error TS6305: Output file 'C:/Users/srivi/Downloads/market-local-shops-143/src/lib/api/sellerPosts.d.ts' has not been built from source file 'C:/Users/srivi/Downloads/market-local-shops-143/src/lib/api/sellerPosts.ts'.
  The file is in the program because:
    Matched by include pattern 'src' in 'C:/Users/srivi/Downloads/market-local-shops-143/tsconfig.json'
error TS6305: Output file 'C:/Users/srivi/Downloads/market-local-shops-143/src/lib/api/sellers.d.ts' has not been built from source file 'C:/Users/srivi/Downloads/market-local-shops-143/src/lib/api/sellers.ts'.
  The file is in the program because:
    Matched by include pattern 'src' in 'C:/Users/srivi/Downloads/market-local-shops-143/tsconfig.json'
error TS6305: Output file 'C:/Users/srivi/Downloads/market-local-shops-143/src/lib/api/storage.d.ts' has not been built from source file 'C:/Users/srivi/Downloads/market-local-shops-143/src/lib/api/storage.ts'.
  The file is in the program because:
    Matched by include pattern 'src' in 'C:/Users/srivi/Downloads/market-local-shops-143/tsconfig.json'
error TS6305: Output file 'C:/Users/srivi/Downloads/market-local-shops-143/src/lib/api/vendors.d.ts' has not been built from source file 'C:/Users/srivi/Downloads/market-local-shops-143/src/lib/api/vendors.ts'.
  The file is in the program because:
    Matched by include pattern 'src' in 'C:/Users/srivi/Downloads/market-local-shops-143/tsconfig.json'
error TS6305: Output file 'C:/Users/srivi/Downloads/market-local-shops-143/src/lib/constants.d.ts' has not been built from source file 'C:/Users/srivi/Downloads/market-local-shops-143/src/lib/constants.ts'.
  The file is in the program because:
    Matched by include pattern 'src' in 'C:/Users/srivi/Downloads/market-local-shops-143/tsconfig.json'
error TS6305: Output file 'C:/Users/srivi/Downloads/market-local-shops-143/src/lib/invoice.d.ts' has not been built from source file 'C:/Users/srivi/Downloads/market-local-shops-143/src/lib/invoice.ts'.
  The file is in the program because:
    Matched by include pattern 'src' in 'C:/Users/srivi/Downloads/market-local-shops-143/tsconfig.json'
error TS6305: Output file 'C:/Users/srivi/Downloads/market-local-shops-143/src/lib/pricing.d.ts' has not been built from source file 'C:/Users/srivi/Downloads/market-local-shops-143/src/lib/pricing.ts'.
  The file is in the program because:
    Matched by include pattern 'src' in 'C:/Users/srivi/Downloads/market-local-shops-143/tsconfig.json'
error TS6305: Output file 'C:/Users/srivi/Downloads/market-local-shops-143/src/lib/queryHooks.d.ts' has not been built from source file 'C:/Users/srivi/Downloads/market-local-shops-143/src/lib/queryHooks.ts'.
  The file is in the program because:
    Matched by include pattern 'src' in 'C:/Users/srivi/Downloads/market-local-shops-143/tsconfig.json'
error TS6305: Output file 'C:/Users/srivi/Downloads/market-local-shops-143/src/lib/razorpay.d.ts' has not been built from source file 'C:/Users/srivi/Downloads/market-local-shops-143/src/lib/razorpay.ts'.
  The file is in the program because:
    Matched by include pattern 'src' in 'C:/Users/srivi/Downloads/market-local-shops-143/tsconfig.json'
error TS6305: Output file 'C:/Users/srivi/Downloads/market-local-shops-143/src/lib/supabase.d.ts' has not been built from source file 'C:/Users/srivi/Downloads/market-local-shops-143/src/lib/supabase.ts'.
  The file is in the program because:
    Matched by include pattern 'src' in 'C:/Users/srivi/Downloads/market-local-shops-143/tsconfig.json'
error TS6305: Output file 'C:/Users/srivi/Downloads/market-local-shops-143/src/lib/utils.d.ts' has not been built from source file 'C:/Users/srivi/Downloads/market-local-shops-143/src/lib/utils.ts'.
  The file is in the program because:
    Matched by include pattern 'src' in 'C:/Users/srivi/Downloads/market-local-shops-143/tsconfig.json'
error TS6305: Output file 'C:/Users/srivi/Downloads/market-local-shops-143/src/main.d.ts' has not been built from source file 'C:/Users/srivi/Downloads/market-local-shops-143/src/main.tsx'.
  The file is in the program because:
    Matched by include pattern 'src' in 'C:/Users/srivi/Downloads/market-local-shops-143/tsconfig.json'
error TS6305: Output file 'C:/Users/srivi/Downloads/market-local-shops-143/src/pages/AccessDenied.d.ts' has not been built from source file 'C:/Users/srivi/Downloads/market-local-shops-143/src/pages/AccessDenied.tsx'.
  The file is in the program because:
    Matched by include pattern 'src' in 'C:/Users/srivi/Downloads/market-local-shops-143/tsconfig.json'
error TS6305: Output file 'C:/Users/srivi/Downloads/market-local-shops-143/src/pages/CartPage.d.ts' has not been built from source file 'C:/Users/srivi/Downloads/market-local-shops-143/src/pages/CartPage.tsx'.
  The file is in the program because:
    Matched by include pattern 'src' in 'C:/Users/srivi/Downloads/market-local-shops-143/tsconfig.json'
error TS6305: Output file 'C:/Users/srivi/Downloads/market-local-shops-143/src/pages/CheckoutPage.d.ts' has not been built from source file 'C:/Users/srivi/Downloads/market-local-shops-143/src/pages/CheckoutPage.tsx'.
  The file is in the program because:
    Matched by include pattern 'src' in 'C:/Users/srivi/Downloads/market-local-shops-143/tsconfig.json'
error TS6305: Output file 'C:/Users/srivi/Downloads/market-local-shops-143/src/pages/Index.d.ts' has not been built from source file 'C:/Users/srivi/Downloads/market-local-shops-143/src/pages/Index.tsx'.
  The file is in the program because:
    Matched by include pattern 'src' in 'C:/Users/srivi/Downloads/market-local-shops-143/tsconfig.json'
error TS6305: Output file 'C:/Users/srivi/Downloads/market-local-shops-143/src/pages/NotFound.d.ts' has not been built from source file 'C:/Users/srivi/Downloads/market-local-shops-143/src/pages/NotFound.tsx'.
  The file is in the program because:
    Matched by include pattern 'src' in 'C:/Users/srivi/Downloads/market-local-shops-143/tsconfig.json'
error TS6305: Output file 'C:/Users/srivi/Downloads/market-local-shops-143/src/pages/OrderConfirmation.d.ts' has not been built from source file 'C:/Users/srivi/Downloads/market-local-shops-143/src/pages/OrderConfirmation.tsx'.
  The file is in the program because:
    Matched by include pattern 'src' in 'C:/Users/srivi/Downloads/market-local-shops-143/tsconfig.json'
error TS6305: Output file 'C:/Users/srivi/Downloads/market-local-shops-143/src/pages/ProfilePage.d.ts' has not been built from source file 'C:/Users/srivi/Downloads/market-local-shops-143/src/pages/ProfilePage.tsx'.
  The file is in the program because:
    Matched by include pattern 'src' in 'C:/Users/srivi/Downloads/market-local-shops-143/tsconfig.json'
error TS6305: Output file 'C:/Users/srivi/Downloads/market-local-shops-143/src/pages/ShopsExplorerPage.d.ts' has not been built from source file 'C:/Users/srivi/Downloads/market-local-shops-143/src/pages/ShopsExplorerPage.tsx'.
  The file is in the program because:
    Matched by include pattern 'src' in 'C:/Users/srivi/Downloads/market-local-shops-143/tsconfig.json'
error TS6305: Output file 'C:/Users/srivi/Downloads/market-local-shops-143/src/pages/TrackOrdersPage.d.ts' has not been built from source file 'C:/Users/srivi/Downloads/market-local-shops-143/src/pages/TrackOrdersPage.tsx'.
  The file is in the program because:
    Matched by include pattern 'src' in 'C:/Users/srivi/Downloads/market-local-shops-143/tsconfig.json'
error TS6305: Output file 'C:/Users/srivi/Downloads/market-local-shops-143/src/pages/admin/AdminBanners.d.ts' has not been built from source file 'C:/Users/srivi/Downloads/market-local-shops-143/src/pages/admin/AdminBanners.tsx'.
  The file is in the program because:
    Matched by include pattern 'src' in 'C:/Users/srivi/Downloads/market-local-shops-143/tsconfig.json'
error TS6305: Output file 'C:/Users/srivi/Downloads/market-local-shops-143/src/pages/admin/AdminDashboard.d.ts' has not been built from source file 'C:/Users/srivi/Downloads/market-local-shops-143/src/pages/admin/AdminDashboard.tsx'.
  The file is in the program because:
    Matched by include pattern 'src' in 'C:/Users/srivi/Downloads/market-local-shops-143/tsconfig.json'
error TS6305: Output file 'C:/Users/srivi/Downloads/market-local-shops-143/src/pages/admin/AdminFeed.d.ts' has not been built from source file 'C:/Users/srivi/Downloads/market-local-shops-143/src/pages/admin/AdminFeed.tsx'.
  The file is in the program because:
    Matched by include pattern 'src' in 'C:/Users/srivi/Downloads/market-local-shops-143/tsconfig.json'
error TS6305: Output file 'C:/Users/srivi/Downloads/market-local-shops-143/src/pages/admin/AdminOrders.d.ts' has not been built from source file 'C:/Users/srivi/Downloads/market-local-shops-143/src/pages/admin/AdminOrders.tsx'.
  The file is in the program because:
    Matched by include pattern 'src' in 'C:/Users/srivi/Downloads/market-local-shops-143/tsconfig.json'
error TS6305: Output file 'C:/Users/srivi/Downloads/market-local-shops-143/src/pages/admin/AdminProducts.d.ts' has not been built from source file 'C:/Users/srivi/Downloads/market-local-shops-143/src/pages/admin/AdminProducts.tsx'.
  The file is in the program because:
    Matched by include pattern 'src' in 'C:/Users/srivi/Downloads/market-local-shops-143/tsconfig.json'
error TS6305: Output file 'C:/Users/srivi/Downloads/market-local-shops-143/src/pages/admin/AdminSellers.d.ts' has not been built from source file 'C:/Users/srivi/Downloads/market-local-shops-143/src/pages/admin/AdminSellers.tsx'.
  The file is in the program because:
    Matched by include pattern 'src' in 'C:/Users/srivi/Downloads/market-local-shops-143/tsconfig.json'
error TS6305: Output file 'C:/Users/srivi/Downloads/market-local-shops-143/src/pages/admin/AdminShopRequests.d.ts' has not been built from source file 'C:/Users/srivi/Downloads/market-local-shops-143/src/pages/admin/AdminShopRequests.tsx'.
  The file is in the program because:
    Matched by include pattern 'src' in 'C:/Users/srivi/Downloads/market-local-shops-143/tsconfig.json'
error TS6305: Output file 'C:/Users/srivi/Downloads/market-local-shops-143/src/pages/admin/AdminShops.d.ts' has not been built from source file 'C:/Users/srivi/Downloads/market-local-shops-143/src/pages/admin/AdminShops.tsx'.
  The file is in the program because:
    Matched by include pattern 'src' in 'C:/Users/srivi/Downloads/market-local-shops-143/tsconfig.json'
error TS6305: Output file 'C:/Users/srivi/Downloads/market-local-shops-143/src/pages/admin/AdminSubscriptions.d.ts' has not been built from source file 'C:/Users/srivi/Downloads/market-local-shops-143/src/pages/admin/AdminSubscriptions.tsx'.
  The file is in the program because:
    Matched by include pattern 'src' in 'C:/Users/srivi/Downloads/market-local-shops-143/tsconfig.json'
error TS6305: Output file 'C:/Users/srivi/Downloads/market-local-shops-143/src/pages/admin/AdminUsers.d.ts' has not been built from source file 'C:/Users/srivi/Downloads/market-local-shops-143/src/pages/admin/AdminUsers.tsx'.
  The file is in the program because:
    Matched by include pattern 'src' in 'C:/Users/srivi/Downloads/market-local-shops-143/tsconfig.json'
error TS6305: Output file 'C:/Users/srivi/Downloads/market-local-shops-143/src/pages/admin/CreateButton.d.ts' has not been built from source file 'C:/Users/srivi/Downloads/market-local-shops-143/src/pages/admin/CreateButton.tsx'.
  The file is in the program because:
    Matched by include pattern 'src' in 'C:/Users/srivi/Downloads/market-local-shops-143/tsconfig.json'
error TS6305: Output file 'C:/Users/srivi/Downloads/market-local-shops-143/src/pages/admin/CreateMarket.d.ts' has not been built from source file 'C:/Users/srivi/Downloads/market-local-shops-143/src/pages/admin/CreateMarket.tsx'.
  The file is in the program because:
    Matched by include pattern 'src' in 'C:/Users/srivi/Downloads/market-local-shops-143/tsconfig.json'
error TS6305: Output file 'C:/Users/srivi/Downloads/market-local-shops-143/src/pages/admin/CreateProduct.d.ts' has not been built from source file 'C:/Users/srivi/Downloads/market-local-shops-143/src/pages/admin/CreateProduct.tsx'.
  The file is in the program because:
    Matched by include pattern 'src' in 'C:/Users/srivi/Downloads/market-local-shops-143/tsconfig.json'
error TS6305: Output file 'C:/Users/srivi/Downloads/market-local-shops-143/src/pages/admin/CreateShop.d.ts' has not been built from source file 'C:/Users/srivi/Downloads/market-local-shops-143/src/pages/admin/CreateShop.tsx'.
  The file is in the program because:
    Matched by include pattern 'src' in 'C:/Users/srivi/Downloads/market-local-shops-143/tsconfig.json'
error TS6305: Output file 'C:/Users/srivi/Downloads/market-local-shops-143/src/pages/admin/EditMarket.d.ts' has not been built from source file 'C:/Users/srivi/Downloads/market-local-shops-143/src/pages/admin/EditMarket.tsx'.
  The file is in the program because:
    Matched by include pattern 'src' in 'C:/Users/srivi/Downloads/market-local-shops-143/tsconfig.json'
error TS6305: Output file 'C:/Users/srivi/Downloads/market-local-shops-143/src/pages/admin/EditProduct.d.ts' has not been built from source file 'C:/Users/srivi/Downloads/market-local-shops-143/src/pages/admin/EditProduct.tsx'.
  The file is in the program because:
    Matched by include pattern 'src' in 'C:/Users/srivi/Downloads/market-local-shops-143/tsconfig.json'
error TS6305: Output file 'C:/Users/srivi/Downloads/market-local-shops-143/src/pages/admin/EditShop.d.ts' has not been built from source file 'C:/Users/srivi/Downloads/market-local-shops-143/src/pages/admin/EditShop.tsx'.
  The file is in the program because:
    Matched by include pattern 'src' in 'C:/Users/srivi/Downloads/market-local-shops-143/tsconfig.json'
error TS6305: Output file 'C:/Users/srivi/Downloads/market-local-shops-143/src/pages/admin/EditUser.d.ts' has not been built from source file 'C:/Users/srivi/Downloads/market-local-shops-143/src/pages/admin/EditUser.tsx'.
  The file is in the program because:
    Matched by include pattern 'src' in 'C:/Users/srivi/Downloads/market-local-shops-143/tsconfig.json'
error TS6305: Output file 'C:/Users/srivi/Downloads/market-local-shops-143/src/pages/admin/MarketDashboard.d.ts' has not been built from source file 'C:/Users/srivi/Downloads/market-local-shops-143/src/pages/admin/MarketDashboard.tsx'.
  The file is in the program because:
    Matched by include pattern 'src' in 'C:/Users/srivi/Downloads/market-local-shops-143/tsconfig.json'
error TS6305: Output file 'C:/Users/srivi/Downloads/market-local-shops-143/src/pages/admin/Markets.d.ts' has not been built from source file 'C:/Users/srivi/Downloads/market-local-shops-143/src/pages/admin/Markets.tsx'.
  The file is in the program because:
    Matched by include pattern 'src' in 'C:/Users/srivi/Downloads/market-local-shops-143/tsconfig.json'
error TS6305: Output file 'C:/Users/srivi/Downloads/market-local-shops-143/src/pages/admin/OrdersPage.d.ts' has not been built from source file 'C:/Users/srivi/Downloads/market-local-shops-143/src/pages/admin/OrdersPage.tsx'.
  The file is in the program because:
    Matched by include pattern 'src' in 'C:/Users/srivi/Downloads/market-local-shops-143/tsconfig.json'
error TS6305: Output file 'C:/Users/srivi/Downloads/market-local-shops-143/src/pages/admin/Shops.d.ts' has not been built from source file 'C:/Users/srivi/Downloads/market-local-shops-143/src/pages/admin/Shops.tsx'.
  The file is in the program because:
    Matched by include pattern 'src' in 'C:/Users/srivi/Downloads/market-local-shops-143/tsconfig.json'
error TS6305: Output file 'C:/Users/srivi/Downloads/market-local-shops-143/src/pages/admin/Sidebar.d.ts' has not been built from source file 'C:/Users/srivi/Downloads/market-local-shops-143/src/pages/admin/Sidebar.tsx'.
  The file is in the program because:
    Matched by include pattern 'src' in 'C:/Users/srivi/Downloads/market-local-shops-143/tsconfig.json'
error TS6305: Output file 'C:/Users/srivi/Downloads/market-local-shops-143/src/pages/dashboard/Dashboard.d.ts' has not been built from source file 'C:/Users/srivi/Downloads/market-local-shops-143/src/pages/dashboard/Dashboard.tsx'.
  The file is in the program because:
    Matched by include pattern 'src' in 'C:/Users/srivi/Downloads/market-local-shops-143/tsconfig.json'
error TS6305: Output file 'C:/Users/srivi/Downloads/market-local-shops-143/src/pages/dashboard/MarketDashboard.d.ts' has not been built from source file 'C:/Users/srivi/Downloads/market-local-shops-143/src/pages/dashboard/MarketDashboard.tsx'.
  The file is in the program because:
    Matched by include pattern 'src' in 'C:/Users/srivi/Downloads/market-local-shops-143/tsconfig.json'
error TS6305: Output file 'C:/Users/srivi/Downloads/market-local-shops-143/src/pages/market/CreateMarket.d.ts' has not been built from source file 'C:/Users/srivi/Downloads/market-local-shops-143/src/pages/market/CreateMarket.tsx'.
  The file is in the program because:
    Matched by include pattern 'src' in 'C:/Users/srivi/Downloads/market-local-shops-143/tsconfig.json'
error TS6305: Output file 'C:/Users/srivi/Downloads/market-local-shops-143/src/pages/market/EditMarket.d.ts' has not been built from source file 'C:/Users/srivi/Downloads/market-local-shops-143/src/pages/market/EditMarket.tsx'.
  The file is in the program because:
    Matched by include pattern 'src' in 'C:/Users/srivi/Downloads/market-local-shops-143/tsconfig.json'
error TS6305: Output file 'C:/Users/srivi/Downloads/market-local-shops-143/src/pages/market/MarketPage.d.ts' has not been built from source file 'C:/Users/srivi/Downloads/market-local-shops-143/src/pages/market/MarketPage.tsx'.
  The file is in the program because:
    Matched by include pattern 'src' in 'C:/Users/srivi/Downloads/market-local-shops-143/tsconfig.json'
error TS6305: Output file 'C:/Users/srivi/Downloads/market-local-shops-143/src/pages/market/MarketsList.d.ts' has not been built from source file 'C:/Users/srivi/Downloads/market-local-shops-143/src/pages/market/MarketsList.tsx'.
  The file is in the program because:
    Matched by include pattern 'src' in 'C:/Users/srivi/Downloads/market-local-shops-143/tsconfig.json'
error TS6305: Output file 'C:/Users/srivi/Downloads/market-local-shops-143/src/pages/product/AllProducts.d.ts' has not been built from source file 'C:/Users/srivi/Downloads/market-local-shops-143/src/pages/product/AllProducts.tsx'.
  The file is in the program because:
    Matched by include pattern 'src' in 'C:/Users/srivi/Downloads/market-local-shops-143/tsconfig.json'
error TS6305: Output file 'C:/Users/srivi/Downloads/market-local-shops-143/src/pages/product/CollectionPage.d.ts' has not been built from source file 'C:/Users/srivi/Downloads/market-local-shops-143/src/pages/product/CollectionPage.tsx'.
  The file is in the program because:
    Matched by include pattern 'src' in 'C:/Users/srivi/Downloads/market-local-shops-143/tsconfig.json'
error TS6305: Output file 'C:/Users/srivi/Downloads/market-local-shops-143/src/pages/product/ProductPage.d.ts' has not been built from source file 'C:/Users/srivi/Downloads/market-local-shops-143/src/pages/product/ProductPage.tsx'.
  The file is in the program because:
    Matched by include pattern 'src' in 'C:/Users/srivi/Downloads/market-local-shops-143/tsconfig.json'
error TS6305: Output file 'C:/Users/srivi/Downloads/market-local-shops-143/src/pages/product/ProductsList.d.ts' has not been built from source file 'C:/Users/srivi/Downloads/market-local-shops-143/src/pages/product/ProductsList.tsx'.
  The file is in the program because:
    Matched by include pattern 'src' in 'C:/Users/srivi/Downloads/market-local-shops-143/tsconfig.json'
error TS6305: Output file 'C:/Users/srivi/Downloads/market-local-shops-143/src/pages/seller/Dashboard.d.ts' has not been built from source file 'C:/Users/srivi/Downloads/market-local-shops-143/src/pages/seller/Dashboard.tsx'.
  The file is in the program because:
    Matched by include pattern 'src' in 'C:/Users/srivi/Downloads/market-local-shops-143/tsconfig.json'
error TS6305: Output file 'C:/Users/srivi/Downloads/market-local-shops-143/src/pages/seller/SellerDashboard.d.ts' has not been built from source file 'C:/Users/srivi/Downloads/market-local-shops-143/src/pages/seller/SellerDashboard.tsx'.
  The file is in the program because:
    Matched by include pattern 'src' in 'C:/Users/srivi/Downloads/market-local-shops-143/tsconfig.json'
error TS6305: Output file 'C:/Users/srivi/Downloads/market-local-shops-143/src/pages/seller/SellerFeed.d.ts' has not been built from source file 'C:/Users/srivi/Downloads/market-local-shops-143/src/pages/seller/SellerFeed.tsx'.
  The file is in the program because:
    Matched by include pattern 'src' in 'C:/Users/srivi/Downloads/market-local-shops-143/tsconfig.json'
error TS6305: Output file 'C:/Users/srivi/Downloads/market-local-shops-143/src/pages/seller/SellerProfilePage.d.ts' has not been built from source file 'C:/Users/srivi/Downloads/market-local-shops-143/src/pages/seller/SellerProfilePage.tsx'.
  The file is in the program because:
    Matched by include pattern 'src' in 'C:/Users/srivi/Downloads/market-local-shops-143/tsconfig.json'
error TS6305: Output file 'C:/Users/srivi/Downloads/market-local-shops-143/src/pages/seller/SellerShopProfile.d.ts' has not been built from source file 'C:/Users/srivi/Downloads/market-local-shops-143/src/pages/seller/SellerShopProfile.tsx'.
  The file is in the program because:
    Matched by include pattern 'src' in 'C:/Users/srivi/Downloads/market-local-shops-143/tsconfig.json'
error TS6305: Output file 'C:/Users/srivi/Downloads/market-local-shops-143/src/pages/seller/ShopRequestForm.d.ts' has not been built from source file 'C:/Users/srivi/Downloads/market-local-shops-143/src/pages/seller/ShopRequestForm.tsx'.
  The file is in the program because:
    Matched by include pattern 'src' in 'C:/Users/srivi/Downloads/market-local-shops-143/tsconfig.json'
